---
source: rocks-lib/src/lockfile/mod.rs
assertion_line: 817
expression: lockfile
---
{
  "version": "1.0.0",
  "rocks": {
    "51c01417a2b1c1269e2ce71e688feb25bb7ea36c090b78f2e07df991ea8f42e4": {
      "name": "neorg",
      "version": "8.0.0-1",
      "pinned": false,
      "dependencies": [
        "e7c4c9fcd3cb6fe33c1c0a2ab8cdbbe8ee81d11334277d1f5631c80317770769"
      ],
      "constraint": null,
      "binaries": [],
      "source": "luarocks_rockspec+https://luarocks.org/",
      "hashes": {
        "rockspec": "sha256-uU0nuZNNPgilLlLX2n2r+sSE7+N6U4DukIj3rOLvzek=",
        "source": "sha256-uU0nuZNNPgilLlLX2n2r+sSE7+N6U4DukIj3rOLvzek="
      }
    },
    "760d318b1b0581e098a6c97ca1504a7bb2c15f259909c89ec4c5ad7fa46a155d": {
      "name": "neorg",
      "version": "8.8.1-1",
      "pinned": false,
      "dependencies": [
        "e7c4c9fcd3cb6fe33c1c0a2ab8cdbbe8ee81d11334277d1f5631c80317770769"
      ],
      "constraint": null,
      "binaries": [],
      "source": "luarocks_rockspec+https://luarocks.org/",
      "hashes": {
        "rockspec": "sha256-uU0nuZNNPgilLlLX2n2r+sSE7+N6U4DukIj3rOLvzek=",
        "source": "sha256-uU0nuZNNPgilLlLX2n2r+sSE7+N6U4DukIj3rOLvzek="
      }
    },
    "e7c4c9fcd3cb6fe33c1c0a2ab8cdbbe8ee81d11334277d1f5631c80317770769": {
      "name": "lua-cjson",
      "version": "2.1.0-1",
      "pinned": false,
      "dependencies": [],
      "constraint": null,
      "binaries": [],
      "source": "luarocks_rockspec+https://luarocks.org/",
      "hashes": {
        "rockspec": "sha256-uU0nuZNNPgilLlLX2n2r+sSE7+N6U4DukIj3rOLvzek=",
        "source": "sha256-uU0nuZNNPgilLlLX2n2r+sSE7+N6U4DukIj3rOLvzek="
      }
    }
  },
  "entrypoints": [
    "51c01417a2b1c1269e2ce71e688feb25bb7ea36c090b78f2e07df991ea8f42e4",
    "760d318b1b0581e098a6c97ca1504a7bb2c15f259909c89ec4c5ad7fa46a155d"
  ]
}
